0 verbose cli /usr/local/bin/node /usr/local/bin/npm
1 info using npm@11.16.0
2 info using node@v24.18.1
3 silly config load:file:/usr/local/lib/node_modules/npm/npmrc
4 silly config load:file:/Users/Telolco/TeMusic/.npmrc
5 silly config load:file:/Users/Telolco/.npmrc
6 silly config load:file:/usr/local/etc/npmrc
7 verbose title npm install @supabase/supabase-js jose recharts swr
8 verbose argv "install" "@supabase/supabase-js" "jose" "recharts" "swr"
9 verbose logfile logs-max:10 dir:/Users/Telolco/TeMusic/.npm-cache/_logs/2026-08-09T08_14_36_392Z-
10 verbose logfile /Users/Telolco/TeMusic/.npm-cache/_logs/2026-08-09T08_14_36_392Z-debug-0.log
11 silly logfile done cleaning log files
12 silly packumentCache heap:2348810240 maxSize:587202560 maxEntrySize:293601280
13 silly idealTree buildDeps
14 silly fetch manifest @supabase/supabase-js@*
15 silly packumentCache full:https://registry.npmjs.org/@supabase%2fsupabase-js cache-miss
16 http fetch GET 200 https://registry.npmjs.org/@supabase%2fsupabase-js 1044ms (cache miss)
17 silly packumentCache full:https://registry.npmjs.org/@supabase%2fsupabase-js set size:undefined disposed:false
18 silly fetch manifest @opentelemetry/api@>=1.0.0
19 silly packumentCache full:https://registry.npmjs.org/@opentelemetry%2fapi cache-miss
20 http fetch GET 200 https://registry.npmjs.org/@opentelemetry%2fapi 236ms (cache miss)
21 silly packumentCache full:https://registry.npmjs.org/@opentelemetry%2fapi set size:undefined disposed:false
22 silly fetch manifest jose@*
23 silly packumentCache full:https://registry.npmjs.org/jose cache-miss
24 http fetch GET 200 https://registry.npmjs.org/jose 181ms (cache miss)
25 silly packumentCache full:https://registry.npmjs.org/jose set size:undefined disposed:false
26 silly fetch manifest recharts@*
27 silly packumentCache full:https://registry.npmjs.org/recharts cache-miss
28 http fetch GET 200 https://registry.npmjs.org/npm 1573ms
29 http fetch GET 200 https://registry.npmjs.org/recharts 181ms (cache miss)
30 silly packumentCache full:https://registry.npmjs.org/recharts set size:undefined disposed:false
31 silly fetch manifest react@19.2.8
32 silly packumentCache full:https://registry.npmjs.org/react cache-miss
33 http fetch GET 200 https://registry.npmjs.org/react 860ms (cache miss)
34 silly packumentCache full:https://registry.npmjs.org/react set size:undefined disposed:false
35 silly fetch manifest react-dom@19.2.8
36 silly packumentCache full:https://registry.npmjs.org/react-dom cache-miss
37 http fetch GET 200 https://registry.npmjs.org/react-dom 1155ms (cache miss)
38 silly packumentCache full:https://registry.npmjs.org/react-dom set size:undefined disposed:false
39 silly fetch manifest react-is@^16.8.0 || ^17.0.0 || ^18.0.0 || ^19.0.0
40 silly packumentCache full:https://registry.npmjs.org/react-is cache-miss
41 http fetch GET 200 https://registry.npmjs.org/react-is 759ms (cache miss)
42 silly packumentCache full:https://registry.npmjs.org/react-is set size:undefined disposed:false
43 silly fetch manifest swr@*
44 silly packumentCache full:https://registry.npmjs.org/swr cache-miss
45 http fetch GET 200 https://registry.npmjs.org/swr 193ms (cache miss)
46 silly packumentCache full:https://registry.npmjs.org/swr set size:undefined disposed:false
47 silly placeDep ROOT @supabase/supabase-js@2.112.2 OK for: temusc-app@0.1.0 want: *
48 silly placeDep ROOT jose@6.2.8 OK for: temusc-app@0.1.0 want: *
49 silly placeDep ROOT recharts@3.10.1 OK for: temusc-app@0.1.0 want: *
50 silly placeDep ROOT swr@2.5.0 OK for: temusc-app@0.1.0 want: *
51 silly fetch manifest @supabase/auth-js@2.112.2
52 silly packumentCache full:https://registry.npmjs.org/@supabase%2fauth-js cache-miss
53 silly fetch manifest @supabase/storage-js@2.112.2
54 silly packumentCache full:https://registry.npmjs.org/@supabase%2fstorage-js cache-miss
55 silly fetch manifest @supabase/realtime-js@2.112.2
56 silly packumentCache full:https://registry.npmjs.org/@supabase%2frealtime-js cache-miss
57 silly fetch manifest @supabase/functions-js@2.112.2
58 silly packumentCache full:https://registry.npmjs.org/@supabase%2ffunctions-js cache-miss
59 silly fetch manifest @supabase/postgrest-js@2.112.2
60 silly packumentCache full:https://registry.npmjs.org/@supabase%2fpostgrest-js cache-miss
61 silly fetch manifest clsx@^2.1.1
62 silly packumentCache full:https://registry.npmjs.org/clsx cache-miss
63 silly fetch manifest immer@^11.1.8
64 silly packumentCache full:https://registry.npmjs.org/immer cache-miss
65 http fetch GET 200 https://registry.npmjs.org/@supabase%2fauth-js 156ms (cache miss)
66 silly packumentCache full:https://registry.npmjs.org/@supabase%2fauth-js set size:undefined disposed:false
67 silly fetch manifest reselect@5.2.0
68 silly packumentCache full:https://registry.npmjs.org/reselect cache-miss
69 http fetch GET 200 https://registry.npmjs.org/@supabase%2fstorage-js 206ms (cache miss)
70 silly packumentCache full:https://registry.npmjs.org/@supabase%2fstorage-js set size:undefined disposed:false
71 silly fetch manifest es-toolkit@^1.39.3
72 silly packumentCache full:https://registry.npmjs.org/es-toolkit cache-miss
73 http fetch GET 200 https://registry.npmjs.org/reselect 95ms (cache miss)
74 silly packumentCache full:https://registry.npmjs.org/reselect set size:undefined disposed:false
75 silly fetch manifest react-redux@8.x.x || 9.x.x
76 silly packumentCache full:https://registry.npmjs.org/react-redux cache-miss
77 http fetch GET 200 https://registry.npmjs.org/clsx 265ms (cache miss)
78 silly packumentCache full:https://registry.npmjs.org/clsx set size:undefined disposed:false
79 silly fetch manifest eventemitter3@^5.0.1
80 silly packumentCache full:https://registry.npmjs.org/eventemitter3 cache-miss
81 http fetch GET 200 https://registry.npmjs.org/immer 314ms (cache miss)
82 silly packumentCache full:https://registry.npmjs.org/immer set size:undefined disposed:false
83 silly fetch manifest tiny-invariant@^1.3.3
84 silly packumentCache full:https://registry.npmjs.org/tiny-invariant cache-miss
85 http fetch GET 200 https://registry.npmjs.org/@supabase%2ffunctions-js 327ms (cache miss)
86 silly packumentCache full:https://registry.npmjs.org/@supabase%2ffunctions-js set size:undefined disposed:false
87 silly fetch manifest victory-vendor@^37.0.2
88 silly packumentCache full:https://registry.npmjs.org/victory-vendor cache-miss
89 http fetch GET 200 https://registry.npmjs.org/eventemitter3 68ms (cache miss)
90 silly packumentCache full:https://registry.npmjs.org/eventemitter3 set size:undefined disposed:false
91 silly fetch manifest @reduxjs/toolkit@^1.9.0 || 2.x.x
92 silly packumentCache full:https://registry.npmjs.org/@reduxjs%2ftoolkit cache-miss
93 http fetch GET 200 https://registry.npmjs.org/react-redux 87ms (cache miss)
94 silly packumentCache full:https://registry.npmjs.org/react-redux set size:undefined disposed:false
95 silly fetch manifest decimal.js-light@^2.5.1
96 silly packumentCache full:https://registry.npmjs.org/decimal.js-light cache-miss
97 http fetch GET 200 https://registry.npmjs.org/@supabase%2frealtime-js 385ms (cache miss)
98 silly packumentCache full:https://registry.npmjs.org/@supabase%2frealtime-js set size:undefined disposed:false
99 silly fetch manifest use-sync-external-store@^1.2.2
100 silly packumentCache full:https://registry.npmjs.org/use-sync-external-store cache-miss
101 http fetch GET 200 https://registry.npmjs.org/tiny-invariant 74ms (cache miss)
102 silly packumentCache full:https://registry.npmjs.org/tiny-invariant set size:undefined disposed:false
103 silly fetch manifest dequal@^2.0.3
104 silly packumentCache full:https://registry.npmjs.org/dequal cache-miss
105 http fetch GET 200 https://registry.npmjs.org/@supabase%2fpostgrest-js 395ms (cache miss)
106 silly packumentCache full:https://registry.npmjs.org/@supabase%2fpostgrest-js set size:undefined disposed:false
107 silly fetch manifest use-sync-external-store@^1.6.0
108 silly packumentCache full:https://registry.npmjs.org/use-sync-external-store cache-miss
109 http fetch GET 200 https://registry.npmjs.org/decimal.js-light 64ms (cache miss)
110 silly packumentCache full:https://registry.npmjs.org/decimal.js-light set size:undefined disposed:false
111 http fetch GET 200 https://registry.npmjs.org/@reduxjs%2ftoolkit 119ms (cache miss)
112 silly packumentCache full:https://registry.npmjs.org/@reduxjs%2ftoolkit set size:undefined disposed:false
113 http fetch GET 200 https://registry.npmjs.org/dequal 74ms (cache miss)
114 silly packumentCache full:https://registry.npmjs.org/dequal set size:undefined disposed:false
115 http fetch GET 200 https://registry.npmjs.org/victory-vendor 135ms (cache miss)
116 silly packumentCache full:https://registry.npmjs.org/victory-vendor set size:undefined disposed:false
117 http fetch GET 200 https://registry.npmjs.org/es-toolkit 368ms (cache miss)
118 silly packumentCache full:https://registry.npmjs.org/es-toolkit set size:undefined disposed:false
119 http fetch GET 200 https://registry.npmjs.org/use-sync-external-store 489ms (cache miss)
120 silly packumentCache full:https://registry.npmjs.org/use-sync-external-store set size:undefined disposed:false
121 http fetch GET 200 https://registry.npmjs.org/use-sync-external-store 506ms (cache miss)
122 silly packumentCache full:https://registry.npmjs.org/use-sync-external-store set size:undefined disposed:false
123 silly placeDep ROOT @supabase/auth-js@2.112.2 OK for: @supabase/supabase-js@2.112.2 want: 2.112.2
124 silly placeDep ROOT @supabase/functions-js@2.112.2 OK for: @supabase/supabase-js@2.112.2 want: 2.112.2
125 silly placeDep ROOT @supabase/postgrest-js@2.112.2 OK for: @supabase/supabase-js@2.112.2 want: 2.112.2
126 silly placeDep ROOT @supabase/realtime-js@2.112.2 OK for: @supabase/supabase-js@2.112.2 want: 2.112.2
127 silly placeDep ROOT @supabase/storage-js@2.112.2 OK for: @supabase/supabase-js@2.112.2 want: 2.112.2
128 silly fetch manifest @supabase/phoenix@0.4.5
129 silly packumentCache full:https://registry.npmjs.org/@supabase%2fphoenix cache-miss
130 silly fetch manifest iceberg-js@^0.8.1
131 silly packumentCache full:https://registry.npmjs.org/iceberg-js cache-miss
132 http fetch GET 200 https://registry.npmjs.org/iceberg-js 52ms (cache miss)
133 silly packumentCache full:https://registry.npmjs.org/iceberg-js set size:undefined disposed:false
134 http fetch GET 200 https://registry.npmjs.org/@supabase%2fphoenix 54ms (cache miss)
135 silly packumentCache full:https://registry.npmjs.org/@supabase%2fphoenix set size:undefined disposed:false
136 silly placeDep ROOT @supabase/phoenix@0.4.5 OK for: @supabase/realtime-js@2.112.2 want: 0.4.5
137 silly placeDep ROOT iceberg-js@0.8.1 OK for: @supabase/storage-js@2.112.2 want: ^0.8.1
138 silly fetch manifest @types/react@^18.2.25 || ^19
139 silly packumentCache full:https://registry.npmjs.org/@types%2freact cache-miss
140 http fetch GET 200 https://registry.npmjs.org/@types%2freact 157ms (cache miss)
141 silly packumentCache full:https://registry.npmjs.org/@types%2freact set size:undefined disposed:false
142 silly fetch manifest react@^16.8.0 || ^17.0.0 || ^18.0.0 || ^19.0.0
143 silly packumentCache full:https://registry.npmjs.org/react cache-miss
144 http cache https://registry.npmjs.org/react 15ms (cache hit)
145 silly packumentCache full:https://registry.npmjs.org/react set size:6873639 disposed:false
146 silly fetch manifest redux@^5.0.0
147 silly packumentCache full:https://registry.npmjs.org/redux cache-miss
148 http fetch GET 200 https://registry.npmjs.org/redux 668ms (cache miss)
149 silly packumentCache full:https://registry.npmjs.org/redux set size:undefined disposed:false
150 silly placeDep ROOT @reduxjs/toolkit@2.12.0 OK for: recharts@3.10.1 want: ^1.9.0 || 2.x.x
151 silly placeDep ROOT clsx@2.1.1 OK for: recharts@3.10.1 want: ^2.1.1
152 silly placeDep ROOT decimal.js-light@2.5.1 OK for: recharts@3.10.1 want: ^2.5.1
153 silly placeDep ROOT es-toolkit@1.50.0 OK for: recharts@3.10.1 want: ^1.39.3
154 silly placeDep ROOT eventemitter3@5.0.4 OK for: recharts@3.10.1 want: ^5.0.1
155 silly placeDep ROOT immer@11.1.16 OK for: recharts@3.10.1 want: ^11.1.8
156 silly placeDep ROOT react-redux@9.3.0 OK for: recharts@3.10.1 want: 8.x.x || 9.x.x
157 silly placeDep ROOT reselect@5.2.0 OK for: recharts@3.10.1 want: 5.2.0
158 silly placeDep ROOT tiny-invariant@1.3.3 OK for: recharts@3.10.1 want: ^1.3.3
159 silly placeDep ROOT use-sync-external-store@1.6.0 OK for: recharts@3.10.1 want: ^1.2.2
160 silly placeDep ROOT victory-vendor@37.3.6 OK for: recharts@3.10.1 want: ^37.0.2
161 silly fetch manifest @standard-schema/spec@^1.0.0
162 silly packumentCache full:https://registry.npmjs.org/@standard-schema%2fspec cache-miss
163 silly fetch manifest @standard-schema/utils@^0.3.0
164 silly packumentCache full:https://registry.npmjs.org/@standard-schema%2futils cache-miss
165 silly fetch manifest immer@^11.0.0
166 silly packumentCache full:https://registry.npmjs.org/immer cache-miss
167 silly fetch manifest redux@^5.0.1
168 silly packumentCache full:https://registry.npmjs.org/redux cache-miss
169 silly fetch manifest redux-thunk@^3.1.0
170 silly packumentCache full:https://registry.npmjs.org/redux-thunk cache-miss
171 silly fetch manifest reselect@^5.1.0
172 silly packumentCache full:https://registry.npmjs.org/reselect cache-miss
173 silly fetch manifest @types/use-sync-external-store@^0.0.6
174 silly packumentCache full:https://registry.npmjs.org/@types%2fuse-sync-external-store cache-miss
175 http cache https://registry.npmjs.org/redux 7ms (cache hit)
176 silly packumentCache full:https://registry.npmjs.org/redux set size:553833 disposed:false
177 silly fetch manifest use-sync-external-store@^1.4.0
178 silly packumentCache full:https://registry.npmjs.org/use-sync-external-store cache-miss
179 http cache https://registry.npmjs.org/reselect 10ms (cache hit)
180 silly packumentCache full:https://registry.npmjs.org/reselect set size:353417 disposed:false
181 silly fetch manifest d3-ease@^3.0.1
182 silly packumentCache full:https://registry.npmjs.org/d3-ease cache-miss
183 http cache https://registry.npmjs.org/immer 14ms (cache hit)
184 silly packumentCache full:https://registry.npmjs.org/immer set size:791044 disposed:false
185 silly fetch manifest d3-time@^3.0.0
186 silly packumentCache full:https://registry.npmjs.org/d3-time cache-miss
187 http cache https://registry.npmjs.org/use-sync-external-store 15ms (cache hit)
188 silly packumentCache full:https://registry.npmjs.org/use-sync-external-store set size:4909886 disposed:false
189 silly fetch manifest d3-array@^3.1.6
190 silly packumentCache full:https://registry.npmjs.org/d3-array cache-miss
191 http fetch GET 200 https://registry.npmjs.org/@types%2fuse-sync-external-store 95ms (cache miss)
192 silly packumentCache full:https://registry.npmjs.org/@types%2fuse-sync-external-store set size:undefined disposed:false
193 silly fetch manifest d3-scale@^4.0.2
194 silly packumentCache full:https://registry.npmjs.org/d3-scale cache-miss
195 http fetch GET 200 https://registry.npmjs.org/@standard-schema%2futils 123ms (cache miss)
196 silly packumentCache full:https://registry.npmjs.org/@standard-schema%2futils set size:undefined disposed:false
197 silly fetch manifest d3-shape@^3.1.0
198 silly packumentCache full:https://registry.npmjs.org/d3-shape cache-miss
199 http fetch GET 200 https://registry.npmjs.org/d3-shape 236ms (cache miss)
200 silly packumentCache full:https://registry.npmjs.org/d3-shape set size:undefined disposed:false
201 silly fetch manifest d3-timer@^3.0.1
202 silly packumentCache full:https://registry.npmjs.org/d3-timer cache-miss
203 http fetch GET 200 https://registry.npmjs.org/d3-scale 300ms (cache miss)
204 silly packumentCache full:https://registry.npmjs.org/d3-scale set size:undefined disposed:false
205 silly fetch manifest @types/d3-ease@^3.0.0
206 silly packumentCache full:https://registry.npmjs.org/@types%2fd3-ease cache-miss
207 http fetch GET 200 https://registry.npmjs.org/d3-ease 389ms (cache miss)
208 silly packumentCache full:https://registry.npmjs.org/d3-ease set size:undefined disposed:false
209 silly fetch manifest @types/d3-time@^3.0.0
210 silly packumentCache full:https://registry.npmjs.org/@types%2fd3-time cache-miss
211 http fetch GET 200 https://registry.npmjs.org/d3-timer 51ms (cache miss)
212 silly packumentCache full:https://registry.npmjs.org/d3-timer set size:undefined disposed:false
213 silly fetch manifest d3-interpolate@^3.0.1
214 silly packumentCache full:https://registry.npmjs.org/d3-interpolate cache-miss
215 http fetch GET 200 https://registry.npmjs.org/@standard-schema%2fspec 424ms (cache miss)
216 silly packumentCache full:https://registry.npmjs.org/@standard-schema%2fspec set size:undefined disposed:false
217 silly fetch manifest @types/d3-array@^3.0.3
218 silly packumentCache full:https://registry.npmjs.org/@types%2fd3-array cache-miss
219 http fetch GET 200 https://registry.npmjs.org/@types%2fd3-ease 61ms (cache miss)
220 silly packumentCache full:https://registry.npmjs.org/@types%2fd3-ease set size:undefined disposed:false
221 silly fetch manifest @types/d3-scale@^4.0.2
222 silly packumentCache full:https://registry.npmjs.org/@types%2fd3-scale cache-miss
223 http fetch GET 200 https://registry.npmjs.org/d3-interpolate 60ms (cache miss)
224 silly packumentCache full:https://registry.npmjs.org/d3-interpolate set size:undefined disposed:false
225 silly fetch manifest @types/d3-shape@^3.1.0
226 silly packumentCache full:https://registry.npmjs.org/@types%2fd3-shape cache-miss
227 http fetch GET 200 https://registry.npmjs.org/@types%2fd3-array 69ms (cache miss)
228 silly packumentCache full:https://registry.npmjs.org/@types%2fd3-array set size:undefined disposed:false
229 silly fetch manifest @types/d3-timer@^3.0.0
230 silly packumentCache full:https://registry.npmjs.org/@types%2fd3-timer cache-miss
231 http fetch GET 200 https://registry.npmjs.org/redux-thunk 525ms (cache miss)
232 silly packumentCache full:https://registry.npmjs.org/redux-thunk set size:undefined disposed:false
233 silly fetch manifest @types/d3-interpolate@^3.0.1
234 silly packumentCache full:https://registry.npmjs.org/@types%2fd3-interpolate cache-miss
235 http fetch GET 200 https://registry.npmjs.org/d3-time 511ms (cache miss)
236 silly packumentCache full:https://registry.npmjs.org/d3-time set size:undefined disposed:false
237 http fetch GET 200 https://registry.npmjs.org/@types%2fd3-shape 65ms (cache miss)
238 silly packumentCache full:https://registry.npmjs.org/@types%2fd3-shape set size:undefined disposed:false
239 http fetch GET 200 https://registry.npmjs.org/@types%2fd3-scale 90ms (cache miss)
240 silly packumentCache full:https://registry.npmjs.org/@types%2fd3-scale set size:undefined disposed:false
241 http fetch GET 200 https://registry.npmjs.org/@types%2fd3-timer 60ms (cache miss)
242 silly packumentCache full:https://registry.npmjs.org/@types%2fd3-timer set size:undefined disposed:false
243 http fetch GET 200 https://registry.npmjs.org/@types%2fd3-interpolate 78ms (cache miss)
244 silly packumentCache full:https://registry.npmjs.org/@types%2fd3-interpolate set size:undefined disposed:false
245 http fetch GET 200 https://registry.npmjs.org/@types%2fd3-time 244ms (cache miss)
246 silly packumentCache full:https://registry.npmjs.org/@types%2fd3-time set size:undefined disposed:false
247 http fetch GET 200 https://registry.npmjs.org/d3-array 627ms (cache miss)
248 silly packumentCache full:https://registry.npmjs.org/d3-array set size:undefined disposed:false
249 silly placeDep ROOT @standard-schema/spec@1.1.0 OK for: @reduxjs/toolkit@2.12.0 want: ^1.0.0
250 silly placeDep ROOT @standard-schema/utils@0.3.0 OK for: @reduxjs/toolkit@2.12.0 want: ^0.3.0
251 silly placeDep ROOT redux@5.0.1 OK for: @reduxjs/toolkit@2.12.0 want: ^5.0.1
252 silly placeDep ROOT redux-thunk@3.1.0 OK for: @reduxjs/toolkit@2.12.0 want: ^3.1.0
253 silly placeDep ROOT @types/use-sync-external-store@0.0.6 OK for: react-redux@9.3.0 want: ^0.0.6
254 silly placeDep ROOT dequal@2.0.3 OK for: swr@2.5.0 want: ^2.0.3
255 silly placeDep ROOT @types/d3-array@3.2.2 OK for: victory-vendor@37.3.6 want: ^3.0.3
256 silly placeDep ROOT @types/d3-ease@3.0.2 OK for: victory-vendor@37.3.6 want: ^3.0.0
257 silly placeDep ROOT @types/d3-interpolate@3.0.4 OK for: victory-vendor@37.3.6 want: ^3.0.1
258 silly placeDep ROOT @types/d3-scale@4.0.9 OK for: victory-vendor@37.3.6 want: ^4.0.2
259 silly placeDep ROOT @types/d3-shape@3.1.8 OK for: victory-vendor@37.3.6 want: ^3.1.0
260 silly placeDep ROOT @types/d3-time@3.0.4 OK for: victory-vendor@37.3.6 want: ^3.0.0
261 silly placeDep ROOT @types/d3-timer@3.0.2 OK for: victory-vendor@37.3.6 want: ^3.0.0
262 silly placeDep ROOT d3-array@3.2.4 OK for: victory-vendor@37.3.6 want: ^3.1.6
263 silly placeDep ROOT d3-ease@3.0.1 OK for: victory-vendor@37.3.6 want: ^3.0.1
264 silly placeDep ROOT d3-interpolate@3.0.1 OK for: victory-vendor@37.3.6 want: ^3.0.1
265 silly placeDep ROOT d3-scale@4.0.2 OK for: victory-vendor@37.3.6 want: ^4.0.2
266 silly placeDep ROOT d3-shape@3.2.0 OK for: victory-vendor@37.3.6 want: ^3.1.0
267 silly placeDep ROOT d3-time@3.1.0 OK for: victory-vendor@37.3.6 want: ^3.0.0
268 silly placeDep ROOT d3-timer@3.0.1 OK for: victory-vendor@37.3.6 want: ^3.0.1
269 silly fetch manifest @types/d3-color@*
270 silly packumentCache full:https://registry.npmjs.org/@types%2fd3-color cache-miss
271 silly fetch manifest @types/d3-time@*
272 silly packumentCache full:https://registry.npmjs.org/@types%2fd3-time cache-miss
273 silly fetch manifest @types/d3-path@*
274 silly packumentCache full:https://registry.npmjs.org/@types%2fd3-path cache-miss
275 silly fetch manifest internmap@1 - 2
276 silly packumentCache full:https://registry.npmjs.org/internmap cache-miss
277 silly fetch manifest d3-color@1 - 3
278 silly packumentCache full:https://registry.npmjs.org/d3-color cache-miss
279 silly fetch manifest d3-format@1 - 3
280 silly packumentCache full:https://registry.npmjs.org/d3-format cache-miss
281 silly fetch manifest d3-time@2.1.1 - 3
282 silly packumentCache full:https://registry.npmjs.org/d3-time cache-miss
283 http cache https://registry.npmjs.org/d3-time 3ms (cache hit)
284 silly packumentCache full:https://registry.npmjs.org/d3-time set size:150406 disposed:false
285 silly fetch manifest d3-time-format@2 - 4
286 silly packumentCache full:https://registry.npmjs.org/d3-time-format cache-miss
287 http cache https://registry.npmjs.org/@types%2fd3-time 6ms (cache hit)
288 silly packumentCache full:https://registry.npmjs.org/@types%2fd3-time set size:52652 disposed:false
289 silly fetch manifest d3-path@^3.1.0
290 silly packumentCache full:https://registry.npmjs.org/d3-path cache-miss
291 http fetch GET 200 https://registry.npmjs.org/internmap 54ms (cache miss)
292 silly packumentCache full:https://registry.npmjs.org/internmap set size:undefined disposed:false
293 http fetch GET 200 https://registry.npmjs.org/@types%2fd3-color 55ms (cache miss)
294 silly packumentCache full:https://registry.npmjs.org/@types%2fd3-color set size:undefined disposed:false
295 http fetch GET 200 https://registry.npmjs.org/@types%2fd3-path 58ms (cache miss)
296 silly packumentCache full:https://registry.npmjs.org/@types%2fd3-path set size:undefined disposed:false
297 http fetch GET 200 https://registry.npmjs.org/d3-color 65ms (cache miss)
298 silly packumentCache full:https://registry.npmjs.org/d3-color set size:undefined disposed:false
299 http fetch GET 200 https://registry.npmjs.org/d3-path 116ms (cache miss)
300 silly packumentCache full:https://registry.npmjs.org/d3-path set size:undefined disposed:false
301 http fetch GET 200 https://registry.npmjs.org/d3-format 122ms (cache miss)
302 silly packumentCache full:https://registry.npmjs.org/d3-format set size:undefined disposed:false
303 http fetch GET 200 https://registry.npmjs.org/d3-time-format 355ms (cache miss)
304 silly packumentCache full:https://registry.npmjs.org/d3-time-format set size:undefined disposed:false
305 silly placeDep ROOT @types/d3-color@3.1.3 OK for: @types/d3-interpolate@3.0.4 want: *
306 silly placeDep ROOT @types/d3-path@3.1.1 OK for: @types/d3-shape@3.1.8 want: *
307 silly placeDep ROOT internmap@2.0.3 OK for: d3-array@3.2.4 want: 1 - 2
308 silly placeDep ROOT d3-color@3.1.0 OK for: d3-interpolate@3.0.1 want: 1 - 3
309 silly placeDep ROOT d3-format@3.1.2 OK for: d3-scale@4.0.2 want: 1 - 3
310 silly placeDep ROOT d3-time-format@4.1.0 OK for: d3-scale@4.0.2 want: 2 - 4
311 silly placeDep ROOT d3-path@3.1.0 OK for: d3-shape@3.2.0 want: ^3.1.0
312 silly reify moves {}
313 silly audit bulk request {
313 silly audit   '@alloc/quick-lru': [ '5.2.0' ],
313 silly audit   '@babel/code-frame': [ '7.29.7' ],
313 silly audit   '@babel/compat-data': [ '7.29.7' ],
313 silly audit   '@babel/core': [ '7.29.7' ],
313 silly audit   '@babel/generator': [ '7.29.8' ],
313 silly audit   '@babel/helper-compilation-targets': [ '7.29.7' ],
313 silly audit   '@babel/helper-globals': [ '7.29.7' ],
313 silly audit   '@babel/helper-module-imports': [ '7.29.7' ],
313 silly audit   '@babel/helper-module-transforms': [ '7.29.7' ],
313 silly audit   '@babel/helper-string-parser': [ '7.29.7' ],
313 silly audit   '@babel/helper-validator-identifier': [ '7.29.7' ],
313 silly audit   '@babel/helper-validator-option': [ '7.29.7' ],
313 silly audit   '@babel/helpers': [ '7.29.7' ],
313 silly audit   '@babel/parser': [ '7.29.8' ],
313 silly audit   '@babel/template': [ '7.29.7' ],
313 silly audit   '@babel/traverse': [ '7.29.8' ],
313 silly audit   '@babel/types': [ '7.29.8' ],
313 silly audit   '@emnapi/core': [ '1.10.0' ],
313 silly audit   '@emnapi/runtime': [ '1.11.3', '1.10.0' ],
313 silly audit   '@emnapi/wasi-threads': [ '1.2.1' ],
313 silly audit   '@eslint-community/eslint-utils': [ '4.10.1', '4.9.1' ],
313 silly audit   'eslint-visitor-keys': [ '3.4.3', '5.0.1', '4.2.1' ],
313 silly audit   '@eslint-community/regexpp': [ '4.12.2' ],
313 silly audit   '@eslint/config-array': [ '0.21.2' ],
313 silly audit   '@eslint/config-helpers': [ '0.4.2' ],
313 silly audit   '@eslint/core': [ '0.17.0' ],
313 silly audit   '@eslint/eslintrc': [ '3.3.6' ],
313 silly audit   '@eslint/js': [ '9.39.5' ],
313 silly audit   '@eslint/object-schema': [ '2.1.7' ],
313 silly audit   '@eslint/plugin-kit': [ '0.4.1' ],
313 silly audit   '@humanfs/core': [ '0.19.2' ],
313 silly audit   '@humanfs/node': [ '0.16.8' ],
313 silly audit   '@humanfs/types': [ '0.15.0' ],
313 silly audit   '@humanwhocodes/module-importer': [ '1.0.1' ],
313 silly audit   '@humanwhocodes/retry': [ '0.4.3' ],
313 silly audit   '@img/colour': [ '1.1.0' ],
313 silly audit   '@img/sharp-darwin-arm64': [ '0.35.3' ],
313 silly audit   '@img/sharp-darwin-x64': [ '0.35.3' ],
313 silly audit   '@img/sharp-freebsd-wasm32': [ '0.35.3' ],
313 silly audit   '@img/sharp-libvips-darwin-arm64': [ '1.3.2' ],
313 silly audit   '@img/sharp-libvips-darwin-x64': [ '1.3.2' ],
313 silly audit   '@img/sharp-libvips-linux-arm': [ '1.3.2' ],
313 silly audit   '@img/sharp-libvips-linux-arm64': [ '1.3.2' ],
313 silly audit   '@img/sharp-libvips-linux-ppc64': [ '1.3.2' ],
313 silly audit   '@img/sharp-libvips-linux-riscv64': [ '1.3.2' ],
313 silly audit   '@img/sharp-libvips-linux-s390x': [ '1.3.2' ],
313 silly audit   '@img/sharp-libvips-linux-x64': [ '1.3.2' ],
313 silly audit   '@img/sharp-libvips-linuxmusl-arm64': [ '1.3.2' ],
313 silly audit   '@img/sharp-libvips-linuxmusl-x64': [ '1.3.2' ],
313 silly audit   '@img/sharp-linux-arm': [ '0.35.3' ],
313 silly audit   '@img/sharp-linux-arm64': [ '0.35.3' ],
313 silly audit   '@img/sharp-linux-ppc64': [ '0.35.3' ],
313 silly audit   '@img/sharp-linux-riscv64': [ '0.35.3' ],
313 silly audit   '@img/sharp-linux-s390x': [ '0.35.3' ],
313 silly audit   '@img/sharp-linux-x64': [ '0.35.3' ],
313 silly audit   '@img/sharp-linuxmusl-arm64': [ '0.35.3' ],
313 silly audit   '@img/sharp-linuxmusl-x64': [ '0.35.3' ],
313 silly audit   '@img/sharp-wasm32': [ '0.35.3' ],
313 silly audit   '@img/sharp-webcontainers-wasm32': [ '0.35.3' ],
313 silly audit   '@img/sharp-win32-arm64': [ '0.35.3' ],
313 silly audit   '@img/sharp-win32-ia32': [ '0.35.3' ],
313 silly audit   '@img/sharp-win32-x64': [ '0.35.3' ],
313 silly audit   '@jridgewell/gen-mapping': [ '0.3.13' ],
313 silly audit   '@jridgewell/remapping': [ '2.3.5' ],
313 silly audit   '@jridgewell/resolve-uri': [ '3.1.2' ],
313 silly audit   '@jridgewell/sourcemap-codec': [ '1.5.5' ],
313 silly audit   '@jridgewell/trace-mapping': [ '0.3.31' ],
313 silly audit   '@napi-rs/wasm-runtime': [ '1.2.2' ],
313 silly audit   '@next/env': [ '16.3.0' ],
313 silly audit   '@next/eslint-plugin-next': [ '16.3.0' ],
313 silly audit   '@next/swc-darwin-arm64': [ '16.3.0' ],
313 silly audit   '@next/swc-darwin-x64': [ '16.3.0' ],
313 silly audit   '@next/swc-linux-arm64-gnu': [ '16.3.0' ],
313 silly audit   '@next/swc-linux-arm64-musl': [ '16.3.0' ],
313 silly audit   '@next/swc-linux-x64-gnu': [ '16.3.0' ],
313 silly audit   '@next/swc-linux-x64-musl': [ '16.3.0' ],
313 silly audit   '@next/swc-win32-arm64-msvc': [ '16.3.0' ],
313 silly audit   '@next/swc-win32-x64-msvc': [ '16.3.0' ],
313 silly audit   '@nodelib/fs.scandir': [ '2.1.5' ],
313 silly audit   '@nodelib/fs.stat': [ '2.0.5' ],
313 silly audit   '@nodelib/fs.walk': [ '1.2.8' ],
313 silly audit   '@nolyfill/is-core-module': [ '1.0.39' ],
313 silly audit   '@rtsao/scc': [ '1.1.0' ],
313 silly audit   '@swc/helpers': [ '0.5.15' ],
313 silly audit   '@tailwindcss/node': [ '4.3.3' ],
313 silly audit   '@tailwindcss/oxide': [ '4.3.3' ],
313 silly audit   '@tailwindcss/oxide-android-arm64': [ '4.3.3' ],
313 silly audit   '@tailwindcss/oxide-darwin-arm64': [ '4.3.3' ],
313 silly audit   '@tailwindcss/oxide-darwin-x64': [ '4.3.3' ],
313 silly audit   '@tailwindcss/oxide-freebsd-x64': [ '4.3.3' ],
313 silly audit   '@tailwindcss/oxide-linux-arm-gnueabihf': [ '4.3.3' ],
313 silly audit   '@tailwindcss/oxide-linux-arm64-gnu': [ '4.3.3' ],
313 silly audit   '@tailwindcss/oxide-linux-arm64-musl': [ '4.3.3' ],
313 silly audit   '@tailwindcss/oxide-linux-x64-gnu': [ '4.3.3' ],
313 silly audit   '@tailwindcss/oxide-linux-x64-musl': [ '4.3.3' ],
313 silly audit   '@tailwindcss/oxide-wasm32-wasi': [ '4.3.3' ],
313 silly audit   '@tailwindcss/oxide-win32-arm64-msvc': [ '4.3.3' ],
313 silly audit   '@tailwindcss/oxide-win32-x64-msvc': [ '4.3.3' ],
313 silly audit   '@tailwindcss/postcss': [ '4.3.3' ],
313 silly audit   '@tybys/wasm-util': [ '0.10.3' ],
313 silly audit   '@types/estree': [ '1.0.9' ],
313 silly audit   '@types/json-schema': [ '7.0.15' ],
313 silly audit   '@types/json5': [ '0.0.29' ],
313 silly audit   '@types/node': [ '20.19.43' ],
313 silly audit   '@types/react': [ '19.2.18' ],
313 silly audit   '@types/react-dom': [ '19.2.4' ],
313 silly audit   '@typescript-eslint/eslint-plugin': [ '8.66.0' ],
313 silly audit   ignore: [ '7.0.6', '5.3.2' ],
313 silly audit   '@typescript-eslint/parser': [ '8.66.0' ],
313 silly audit   '@typescript-eslint/project-service': [ '8.66.0' ],
313 silly audit   '@typescript-eslint/scope-manager': [ '8.66.0' ],
313 silly audit   '@typescript-eslint/tsconfig-utils': [ '8.66.0' ],
313 silly audit   '@typescript-eslint/type-utils': [ '8.66.0' ],
313 silly audit   '@typescript-eslint/types': [ '8.66.0' ],
313 silly audit   '@typescript-eslint/typescript-estree': [ '8.66.0' ],
313 silly audit   'balanced-match': [ '4.0.4', '1.0.2' ],
313 silly audit   'brace-expansion': [ '5.0.9', '1.1.18' ],
313 silly audit   minimatch: [ '10.2.6', '3.1.5' ],
313 silly audit   semver: [ '7.8.5', '6.3.1' ],
313 silly audit   '@typescript-eslint/utils': [ '8.66.0' ],
313 silly audit   '@typescript-eslint/visitor-keys': [ '8.66.0' ],
313 silly audit   '@unrs/resolver-binding-android-arm-eabi': [ '1.12.2' ],
313 silly audit   '@unrs/resolver-binding-android-arm64': [ '1.12.2' ],
313 silly audit   '@unrs/resolver-binding-darwin-arm64': [ '1.12.2' ],
313 silly audit   '@unrs/resolver-binding-darwin-x64': [ '1.12.2' ],
313 silly audit   '@unrs/resolver-binding-freebsd-x64': [ '1.12.2' ],
313 silly audit   '@unrs/resolver-binding-linux-arm-gnueabihf': [ '1.12.2' ],
313 silly audit   '@unrs/resolver-binding-linux-arm-musleabihf': [ '1.12.2' ],
313 silly audit   '@unrs/resolver-binding-linux-arm64-gnu': [ '1.12.2' ],
313 silly audit   '@unrs/resolver-binding-linux-arm64-musl': [ '1.12.2' ],
313 silly audit   '@unrs/resolver-binding-linux-loong64-gnu': [ '1.12.2' ],
313 silly audit   '@unrs/resolver-binding-linux-loong64-musl': [ '1.12.2' ],
313 silly audit   '@unrs/resolver-binding-linux-ppc64-gnu': [ '1.12.2' ],
313 silly audit   '@unrs/resolver-binding-linux-riscv64-gnu': [ '1.12.2' ],
313 silly audit   '@unrs/resolver-binding-linux-riscv64-musl': [ '1.12.2' ],
313 silly audit   '@unrs/resolver-binding-linux-s390x-gnu': [ '1.12.2' ],
313 silly audit   '@unrs/resolver-binding-linux-x64-gnu': [ '1.12.2' ],
313 silly audit   '@unrs/resolver-binding-linux-x64-musl': [ '1.12.2' ],
313 silly audit   '@unrs/resolver-binding-openharmony-arm64': [ '1.12.2' ],
313 silly audit   '@unrs/resolver-binding-wasm32-wasi': [ '1.12.2' ],
313 silly audit   '@unrs/resolver-binding-win32-arm64-msvc': [ '1.12.2' ],
313 silly audit   '@unrs/resolver-binding-win32-ia32-msvc': [ '1.12.2' ],
313 silly audit   '@unrs/resolver-binding-win32-x64-msvc': [ '1.12.2' ],
313 silly audit   acorn: [ '8.18.0' ],
313 silly audit   'acorn-jsx': [ '5.3.2' ],
313 silly audit   ajv: [ '6.15.0' ],
313 silly audit   'ansi-styles': [ '4.3.0' ],
313 silly audit   argparse: [ '2.0.1' ],
313 silly audit   'aria-query': [ '5.3.2' ],
313 silly audit   'array-buffer-byte-length': [ '1.0.2' ],
313 silly audit   'array-includes': [ '3.1.9' ],
313 silly audit   'array.prototype.findlast': [ '1.2.5' ],
313 silly audit   'array.prototype.findlastindex': [ '1.2.6' ],
313 silly audit   'array.prototype.flat': [ '1.3.3' ],
313 silly audit   'array.prototype.flatmap': [ '1.3.3' ],
313 silly audit   'array.prototype.tosorted': [ '1.1.4' ],
313 silly audit   'arraybuffer.prototype.slice': [ '1.0.4' ],
313 silly audit   'ast-types-flow': [ '0.0.8' ],
313 silly audit   'async-function': [ '1.0.0' ],
313 silly audit   'available-typed-arrays': [ '1.0.7' ],
313 silly audit   'axe-core': [ '4.13.0' ],
313 silly audit   'axobject-query': [ '4.1.0' ],
313 silly audit   'baseline-browser-mapping': [ '2.11.13' ],
313 silly audit   braces: [ '3.0.3' ],
313 silly audit   browserslist: [ '4.28.8' ],
313 silly audit   'call-bind': [ '1.0.9' ],
313 silly audit   'call-bind-apply-helpers': [ '1.0.2' ],
313 silly audit   'call-bound': [ '1.0.4' ],
313 silly audit   callsites: [ '3.1.0' ],
313 silly audit   'caniuse-lite': [ '1.0.30001809' ],
313 silly audit   chalk: [ '4.1.2' ],
313 silly audit   'client-only': [ '0.0.1' ],
313 silly audit   'color-convert': [ '2.0.1' ],
313 silly audit   'color-name': [ '1.1.4' ],
313 silly audit   'concat-map': [ '0.0.1' ],
313 silly audit   'convert-source-map': [ '2.0.0' ],
313 silly audit   'cross-spawn': [ '7.0.6' ],
313 silly audit   csstype: [ '3.2.3' ],
313 silly audit   'damerau-levenshtein': [ '1.0.8' ],
313 silly audit   'data-view-buffer': [ '1.0.2' ],
313 silly audit   'data-view-byte-length': [ '1.0.2' ],
313 silly audit   'data-view-byte-offset': [ '1.0.1' ],
313 silly audit   debug: [ '4.4.3', '3.2.7' ],
313 silly audit   'deep-is': [ '0.1.4' ],
313 silly audit   'define-data-property': [ '1.1.4' ],
313 silly audit   'define-properties': [ '1.2.1' ],
313 silly audit   'detect-libc': [ '2.1.2' ],
313 silly audit   doctrine: [ '2.1.0' ],
313 silly audit   'dunder-proto': [ '1.0.1' ],
313 silly audit   'electron-to-chromium': [ '1.5.403' ],
313 silly audit   'emoji-regex': [ '9.2.2' ],
313 silly audit   'enhanced-resolve': [ '5.24.5' ],
313 silly audit   'es-abstract': [ '1.24.2' ],
313 silly audit   'es-abstract-get': [ '1.0.0' ],
313 silly audit   'es-define-property': [ '1.0.1' ],
313 silly audit   'es-errors': [ '1.3.0' ],
313 silly audit   'es-iterator-helpers': [ '1.4.0' ],
313 silly audit   'es-object-atoms': [ '1.1.2' ],
313 silly audit   'es-set-tostringtag': [ '2.1.0' ],
313 silly audit   'es-shim-unscopables': [ '1.1.0' ],
313 silly audit   'es-to-primitive': [ '1.3.4' ],
313 silly audit   escalade: [ '3.2.0' ],
313 silly audit   'escape-string-regexp': [ '4.0.0' ],
313 silly audit   eslint: [ '9.39.5' ],
313 silly audit   'eslint-config-next': [ '16.3.0' ],
313 silly audit   globals: [ '16.4.0', '14.0.0' ],
313 silly audit   'eslint-import-resolver-node': [ '0.3.10' ],
313 silly audit   'eslint-import-resolver-typescript': [ '3.10.1' ],
313 silly audit   'eslint-module-utils': [ '2.14.0' ],
313 silly audit   'eslint-plugin-import': [ '2.32.0' ],
313 silly audit   'eslint-plugin-jsx-a11y': [ '6.10.2' ],
313 silly audit   'eslint-plugin-react': [ '7.37.5' ],
313 silly audit   'eslint-plugin-react-hooks': [ '7.1.1' ],
313 silly audit   'eslint-scope': [ '8.4.0' ],
313 silly audit   espree: [ '10.4.0' ],
313 silly audit   esquery: [ '1.7.0' ],
313 silly audit   esrecurse: [ '4.3.0' ],
313 silly audit   estraverse: [ '5.3.0' ],
313 silly audit   esutils: [ '2.0.3' ],
313 silly audit   'fast-deep-equal': [ '3.1.3' ],
313 silly audit   'fast-glob': [ '3.3.1' ],
313 silly audit   'glob-parent': [ '5.1.2', '6.0.2' ],
313 silly audit   'fast-json-stable-stringify': [ '2.1.0' ],
313 silly audit   'fast-levenshtein': [ '2.0.6' ],
313 silly audit   fastq: [ '1.20.1' ],
313 silly audit   'file-entry-cache': [ '8.0.0' ],
313 silly audit   'fill-range': [ '7.1.1' ],
313 silly audit   'find-up': [ '5.0.0' ],
313 silly audit   'flat-cache': [ '4.0.1' ],
313 silly audit   flatted: [ '3.4.4' ],
313 silly audit   'for-each': [ '0.3.5' ],
313 silly audit   'function-bind': [ '1.1.2' ],
313 silly audit   'function.prototype.name': [ '1.2.0' ],
313 silly audit   'functions-have-names': [ '1.2.3' ],
313 silly audit   'generator-function': [ '2.0.1' ],
313 silly audit   gensync: [ '1.0.0-beta.2' ],
313 silly audit   'get-intrinsic': [ '1.3.0' ],
313 silly audit   'get-proto': [ '1.0.1' ],
313 silly audit   'get-symbol-description': [ '1.1.0' ],
313 silly audit   'get-tsconfig': [ '4.14.1' ],
313 silly audit   globalthis: [ '1.0.4' ],
313 silly audit   gopd: [ '1.2.0' ],
313 silly audit   'graceful-fs': [ '4.2.11' ],
313 silly audit   'has-bigints': [ '1.1.0' ],
313 silly audit   'has-flag': [ '4.0.0' ],
313 silly audit   'has-property-descriptors': [ '1.0.2' ],
313 silly audit   'has-proto': [ '1.2.0' ],
313 silly audit   'has-symbols': [ '1.1.0' ],
313 silly audit   'has-tostringtag': [ '1.0.2' ],
313 silly audit   hasown: [ '2.0.4' ],
313 silly audit   'hermes-estree': [ '0.25.1' ],
313 silly audit   'hermes-parser': [ '0.25.1' ],
313 silly audit   'import-fresh': [ '3.3.1' ],
313 silly audit   imurmurhash: [ '0.1.4' ],
313 silly audit   'internal-slot': [ '1.1.0' ],
313 silly audit   'is-array-buffer': [ '3.0.5' ],
313 silly audit   'is-async-function': [ '2.1.1' ],
313 silly audit   'is-bigint': [ '1.1.0' ],
313 silly audit   'is-boolean-object': [ '1.2.2' ],
313 silly audit   'is-bun-module': [ '2.0.0' ],
313 silly audit   'is-callable': [ '1.2.7' ],
313 silly audit   'is-core-module': [ '2.16.2' ],
313 silly audit   'is-data-view': [ '1.0.2' ],
313 silly audit   'is-date-object': [ '1.1.0' ],
313 silly audit   'is-document.all': [ '1.0.0' ],
313 silly audit   'is-extglob': [ '2.1.1' ],
313 silly audit   'is-finalizationregistry': [ '1.1.1' ],
313 silly audit   'is-generator-function': [ '1.1.2' ],
313 silly audit   'is-glob': [ '4.0.3' ],
313 silly audit   'is-map': [ '2.0.3' ],
313 silly audit   'is-negative-zero': [ '2.0.3' ],
313 silly audit   'is-number': [ '7.0.0' ],
313 silly audit   'is-number-object': [ '1.1.1' ],
313 silly audit   'is-regex': [ '1.2.1' ],
313 silly audit   'is-set': [ '2.0.3' ],
313 silly audit   'is-shared-array-buffer': [ '1.0.4' ],
313 silly audit   'is-string': [ '1.1.1' ],
313 silly audit   'is-symbol': [ '1.1.1' ],
313 silly audit   'is-typed-array': [ '1.1.15' ],
313 silly audit   'is-weakmap': [ '2.0.2' ],
313 silly audit   'is-weakref': [ '1.1.1' ],
313 silly audit   'is-weakset': [ '2.0.4' ],
313 silly audit   isarray: [ '2.0.5' ],
313 silly audit   isexe: [ '2.0.0' ],
313 silly audit   'iterator.prototype': [ '1.1.5' ],
313 silly audit   jiti: [ '2.7.0' ],
313 silly audit   'js-tokens': [ '4.0.0' ],
313 silly audit   'js-yaml': [ '4.3.1' ],
313 silly audit   jsesc: [ '3.1.0' ],
313 silly audit   'json-buffer': [ '3.0.1' ],
313 silly audit   'json-schema-traverse': [ '0.4.1' ],
313 silly audit   'json-stable-stringify-without-jsonify': [ '1.0.1' ],
313 silly audit   json5: [ '2.2.3', '1.0.2' ],
313 silly audit   'jsx-ast-utils': [ '3.3.5' ],
313 silly audit   keyv: [ '4.5.4' ],
313 silly audit   'language-subtag-registry': [ '0.3.23' ],
313 silly audit   'language-tags': [ '1.0.9' ],
313 silly audit   levn: [ '0.4.1' ],
313 silly audit   lightningcss: [ '1.32.0' ],
313 silly audit   'lightningcss-android-arm64': [ '1.32.0' ],
313 silly audit   'lightningcss-darwin-arm64': [ '1.32.0' ],
313 silly audit   'lightningcss-darwin-x64': [ '1.32.0' ],
313 silly audit   'lightningcss-freebsd-x64': [ '1.32.0' ],
313 silly audit   'lightningcss-linux-arm-gnueabihf': [ '1.32.0' ],
313 silly audit   'lightningcss-linux-arm64-gnu': [ '1.32.0' ],
313 silly audit   'lightningcss-linux-arm64-musl': [ '1.32.0' ],
313 silly audit   'lightningcss-linux-x64-gnu': [ '1.32.0' ],
313 silly audit   'lightningcss-linux-x64-musl': [ '1.32.0' ],
313 silly audit   'lightningcss-win32-arm64-msvc': [ '1.32.0' ],
313 silly audit   'lightningcss-win32-x64-msvc': [ '1.32.0' ],
313 silly audit   'locate-path': [ '6.0.0' ],
313 silly audit   'lodash.merge': [ '4.6.2' ],
313 silly audit   'loose-envify': [ '1.4.0' ],
313 silly audit   'lru-cache': [ '5.1.1' ],
313 silly audit   'magic-string': [ '0.30.21' ],
313 silly audit   'math-intrinsics': [ '1.1.0' ],
313 silly audit   merge2: [ '1.4.1' ],
313 silly audit   micromatch: [ '4.0.8' ],
313 silly audit   minimist: [ '1.2.8' ],
313 silly audit   ms: [ '2.1.3' ],
313 silly audit   nanoid: [ '3.3.18' ],
313 silly audit   'napi-postinstall': [ '0.3.4' ],
313 silly audit   'natural-compare': [ '1.4.0' ],
313 silly audit   next: [ '16.3.0' ],
313 silly audit   postcss: [ '8.5.23', '8.5.26' ],
313 silly audit   'node-exports-info': [ '1.6.2' ],
313 silly audit   'node-releases': [ '2.0.53' ],
313 silly audit   'object-assign': [ '4.1.1' ],
313 silly audit   'object-inspect': [ '1.13.4' ],
313 silly audit   'object-keys': [ '1.1.1' ],
313 silly audit   'object.assign': [ '4.1.7' ],
313 silly audit   'object.entries': [ '1.1.9' ],
313 silly audit   'object.fromentries': [ '2.0.8' ],
313 silly audit   'object.groupby': [ '1.0.3' ],
313 silly audit   'object.values': [ '1.2.1' ],
313 silly audit   optionator: [ '0.9.4' ],
313 silly audit   'own-keys': [ '1.0.2' ],
313 silly audit   'p-limit': [ '3.1.0' ],
313 silly audit   'p-locate': [ '5.0.0' ],
313 silly audit   'parent-module': [ '1.0.1' ],
313 silly audit   'path-exists': [ '4.0.0' ],
313 silly audit   'path-key': [ '3.1.1' ],
313 silly audit   'path-parse': [ '1.0.7' ],
313 silly audit   picocolors: [ '1.1.1' ],
313 silly audit   picomatch: [ '2.3.2', '4.0.5' ],
313 silly audit   'possible-typed-array-names': [ '1.1.0' ],
313 silly audit   'prelude-ls': [ '1.2.1' ],
313 silly audit   'prop-types': [ '15.8.1' ],
313 silly audit   punycode: [ '2.3.1' ],
313 silly audit   'queue-microtask': [ '1.2.3' ],
313 silly audit   react: [ '19.2.8' ],
313 silly audit   'react-dom': [ '19.2.8' ],
313 silly audit   'react-is': [ '16.13.1' ],
313 silly audit   'reflect.getprototypeof': [ '1.0.10' ],
313 silly audit   'regexp.prototype.flags': [ '1.5.4' ],
313 silly audit   resolve: [ '2.0.0-next.7' ],
313 silly audit   'resolve-from': [ '4.0.0' ],
313 silly audit   'resolve-pkg-maps': [ '1.0.0' ],
313 silly audit   reusify: [ '1.1.0' ],
313 silly audit   'run-parallel': [ '1.2.0' ],
313 silly audit   'safe-array-concat': [ '1.1.4' ],
313 silly audit   'safe-push-apply': [ '1.0.0' ],
313 silly audit   'safe-regex-test': [ '1.1.0' ],
313 silly audit   scheduler: [ '0.27.0' ],
313 silly audit   'set-function-length': [ '1.2.2' ],
313 silly audit   'set-function-name': [ '2.0.2' ],
313 silly audit   'set-proto': [ '1.0.0' ],
313 silly audit   sharp: [ '0.35.3' ],
313 silly audit   'shebang-command': [ '2.0.0' ],
313 silly audit   'shebang-regex': [ '3.0.0' ],
313 silly audit   'side-channel': [ '1.1.1' ],
313 silly audit   'side-channel-list': [ '1.0.1' ],
313 silly audit   'side-channel-map': [ '1.0.1' ],
313 silly audit   'side-channel-weakmap': [ '1.0.2' ],
313 silly audit   'source-map-js': [ '1.2.1' ],
313 silly audit   'stable-hash': [ '0.0.5' ],
313 silly audit   'stop-iteration-iterator': [ '1.1.0' ],
313 silly audit   'string.prototype.includes': [ '2.0.1' ],
313 silly audit   'string.prototype.matchall': [ '4.0.12' ],
313 silly audit   'string.prototype.repeat': [ '1.0.0' ],
313 silly audit   'string.prototype.trim': [ '1.2.11' ],
313 silly audit   'string.prototype.trimend': [ '1.0.10' ],
313 silly audit   'string.prototype.trimstart': [ '1.0.8' ],
313 silly audit   'strip-bom': [ '3.0.0' ],
313 silly audit   'strip-json-comments': [ '3.1.1' ],
313 silly audit   'styled-jsx': [ '5.1.6' ],
313 silly audit   'supports-color': [ '7.2.0' ],
313 silly audit   'supports-preserve-symlinks-flag': [ '1.0.0' ],
313 silly audit   tailwindcss: [ '4.3.3' ],
313 silly audit   tapable: [ '2.3.3' ],
313 silly audit   tinyglobby: [ '0.2.17' ],
313 silly audit   fdir: [ '6.5.0' ],
313 silly audit   'to-regex-range': [ '5.0.1' ],
313 silly audit   'ts-api-utils': [ '2.5.0' ],
313 silly audit   'tsconfig-paths': [ '3.15.0' ],
313 silly audit   tslib: [ '2.8.1' ],
313 silly audit   'type-check': [ '0.4.0' ],
313 silly audit   'typed-array-buffer': [ '1.0.3' ],
313 silly audit   'typed-array-byte-length': [ '1.0.3' ],
313 silly audit   'typed-array-byte-offset': [ '1.0.4' ],
313 silly audit   'typed-array-length': [ '1.0.8' ],
313 silly audit   typescript: [ '5.9.3' ],
313 silly audit   'typescript-eslint': [ '8.66.0' ],
313 silly audit   'unbox-primitive': [ '1.1.0' ],
313 silly audit   'undici-types': [ '6.21.0' ],
313 silly audit   'unrs-resolver': [ '1.12.2' ],
313 silly audit   'update-browserslist-db': [ '1.3.0' ],
313 silly audit   'uri-js': [ '4.4.1' ],
313 silly audit   which: [ '2.0.2' ],
313 silly audit   'which-boxed-primitive': [ '1.1.1' ],
313 silly audit   'which-builtin-type': [ '1.2.1' ],
313 silly audit   'which-collection': [ '1.0.2' ],
313 silly audit   'which-typed-array': [ '1.1.22' ],
313 silly audit   'word-wrap': [ '1.2.5' ],
313 silly audit   yallist: [ '3.1.1' ],
313 silly audit   'yocto-queue': [ '0.1.0' ],
313 silly audit   zod: [ '4.4.3' ],
313 silly audit   'zod-validation-error': [ '4.0.2' ],
313 silly audit   '@supabase/supabase-js': [ '2.112.2' ],
313 silly audit   jose: [ '6.2.8' ],
313 silly audit   recharts: [ '3.10.1' ],
313 silly audit   swr: [ '2.5.0' ],
313 silly audit   '@supabase/auth-js': [ '2.112.2' ],
313 silly audit   '@supabase/functions-js': [ '2.112.2' ],
313 silly audit   '@supabase/postgrest-js': [ '2.112.2' ],
313 silly audit   '@supabase/realtime-js': [ '2.112.2' ],
313 silly audit   '@supabase/storage-js': [ '2.112.2' ],
313 silly audit   '@supabase/phoenix': [ '0.4.5' ],
313 silly audit   'iceberg-js': [ '0.8.1' ],
313 silly audit   '@reduxjs/toolkit': [ '2.12.0' ],
313 silly audit   clsx: [ '2.1.1' ],
313 silly audit   'decimal.js-light': [ '2.5.1' ],
313 silly audit   'es-toolkit': [ '1.50.0' ],
313 silly audit   eventemitter3: [ '5.0.4' ],
313 silly audit   immer: [ '11.1.16' ],
313 silly audit   'react-redux': [ '9.3.0' ],
313 silly audit   reselect: [ '5.2.0' ],
313 silly audit   'tiny-invariant': [ '1.3.3' ],
313 silly audit   'use-sync-external-store': [ '1.6.0' ],
313 silly audit   'victory-vendor': [ '37.3.6' ],
313 silly audit   '@standard-schema/spec': [ '1.1.0' ],
313 silly audit   '@standard-schema/utils': [ '0.3.0' ],
313 silly audit   redux: [ '5.0.1' ],
313 silly audit   'redux-thunk': [ '3.1.0' ],
313 silly audit   '@types/use-sync-external-store': [ '0.0.6' ],
313 silly audit   dequal: [ '2.0.3' ],
313 silly audit   '@types/d3-array': [ '3.2.2' ],
313 silly audit   '@types/d3-ease': [ '3.0.2' ],
313 silly audit   '@types/d3-interpolate': [ '3.0.4' ],
313 silly audit   '@types/d3-scale': [ '4.0.9' ],
313 silly audit   '@types/d3-shape': [ '3.1.8' ],
313 silly audit   '@types/d3-time': [ '3.0.4' ],
313 silly audit   '@types/d3-timer': [ '3.0.2' ],
313 silly audit   'd3-array': [ '3.2.4' ],
313 silly audit   'd3-ease': [ '3.0.1' ],
313 silly audit   'd3-interpolate': [ '3.0.1' ],
313 silly audit   'd3-scale': [ '4.0.2' ],
313 silly audit   'd3-shape': [ '3.2.0' ],
313 silly audit   'd3-time': [ '3.1.0' ],
313 silly audit   'd3-timer': [ '3.0.1' ],
313 silly audit   '@types/d3-color': [ '3.1.3' ],
313 silly audit   '@types/d3-path': [ '3.1.1' ],
313 silly audit   internmap: [ '2.0.3' ],
313 silly audit   'd3-color': [ '3.1.0' ],
313 silly audit   'd3-format': [ '3.1.2' ],
313 silly audit   'd3-time-format': [ '4.1.0' ],
313 silly audit   'd3-path': [ '3.1.0' ]
313 silly audit }
314 http cache d3-path@https://registry.npmjs.org/d3-path/-/d3-path-3.1.0.tgz 0ms (cache hit)
315 http cache d3-format@https://registry.npmjs.org/d3-format/-/d3-format-3.1.2.tgz 0ms (cache hit)
316 http cache d3-time-format@https://registry.npmjs.org/d3-time-format/-/d3-time-format-4.1.0.tgz 0ms (cache hit)
317 http cache d3-color@https://registry.npmjs.org/d3-color/-/d3-color-3.1.0.tgz 0ms (cache hit)
318 http cache internmap@https://registry.npmjs.org/internmap/-/internmap-2.0.3.tgz 0ms (cache hit)
319 http cache @types/d3-path@https://registry.npmjs.org/@types/d3-path/-/d3-path-3.1.1.tgz 0ms (cache hit)
320 http cache @types/d3-color@https://registry.npmjs.org/@types/d3-color/-/d3-color-3.1.3.tgz 0ms (cache hit)
321 http cache d3-timer@https://registry.npmjs.org/d3-timer/-/d3-timer-3.0.1.tgz 0ms (cache hit)
322 http cache d3-time@https://registry.npmjs.org/d3-time/-/d3-time-3.1.0.tgz 0ms (cache hit)
323 http cache d3-shape@https://registry.npmjs.org/d3-shape/-/d3-shape-3.2.0.tgz 0ms (cache hit)
324 http cache d3-scale@https://registry.npmjs.org/d3-scale/-/d3-scale-4.0.2.tgz 0ms (cache hit)
325 http cache d3-ease@https://registry.npmjs.org/d3-ease/-/d3-ease-3.0.1.tgz 0ms (cache hit)
326 http cache d3-interpolate@https://registry.npmjs.org/d3-interpolate/-/d3-interpolate-3.0.1.tgz 0ms (cache hit)
327 http cache d3-array@https://registry.npmjs.org/d3-array/-/d3-array-3.2.4.tgz 0ms (cache hit)
328 http cache @types/d3-timer@https://registry.npmjs.org/@types/d3-timer/-/d3-timer-3.0.2.tgz 0ms (cache hit)
329 http cache @types/d3-time@https://registry.npmjs.org/@types/d3-time/-/d3-time-3.0.4.tgz 0ms (cache hit)
330 http cache @types/d3-shape@https://registry.npmjs.org/@types/d3-shape/-/d3-shape-3.1.8.tgz 0ms (cache hit)
331 http cache @types/d3-scale@https://registry.npmjs.org/@types/d3-scale/-/d3-scale-4.0.9.tgz 0ms (cache hit)
332 http cache @types/d3-interpolate@https://registry.npmjs.org/@types/d3-interpolate/-/d3-interpolate-3.0.4.tgz 0ms (cache hit)
333 http cache @types/d3-ease@https://registry.npmjs.org/@types/d3-ease/-/d3-ease-3.0.2.tgz 0ms (cache hit)
334 http cache @types/d3-array@https://registry.npmjs.org/@types/d3-array/-/d3-array-3.2.2.tgz 0ms (cache hit)
335 http cache dequal@https://registry.npmjs.org/dequal/-/dequal-2.0.3.tgz 0ms (cache hit)
336 http cache @types/use-sync-external-store@https://registry.npmjs.org/@types/use-sync-external-store/-/use-sync-external-store-0.0.6.tgz 0ms (cache hit)
337 http cache redux-thunk@https://registry.npmjs.org/redux-thunk/-/redux-thunk-3.1.0.tgz 0ms (cache hit)
338 http cache redux@https://registry.npmjs.org/redux/-/redux-5.0.1.tgz 0ms (cache hit)
339 http cache @standard-schema/utils@https://registry.npmjs.org/@standard-schema/utils/-/utils-0.3.0.tgz 0ms (cache hit)
340 http cache victory-vendor@https://registry.npmjs.org/victory-vendor/-/victory-vendor-37.3.6.tgz 0ms (cache hit)
341 http cache @standard-schema/spec@https://registry.npmjs.org/@standard-schema/spec/-/spec-1.1.0.tgz 0ms (cache hit)
342 http cache use-sync-external-store@https://registry.npmjs.org/use-sync-external-store/-/use-sync-external-store-1.6.0.tgz 0ms (cache hit)
343 http cache tiny-invariant@https://registry.npmjs.org/tiny-invariant/-/tiny-invariant-1.3.3.tgz 0ms (cache hit)
344 http cache reselect@https://registry.npmjs.org/reselect/-/reselect-5.2.0.tgz 0ms (cache hit)
345 http cache react-redux@https://registry.npmjs.org/react-redux/-/react-redux-9.3.0.tgz 0ms (cache hit)
346 http cache immer@https://registry.npmjs.org/immer/-/immer-11.1.16.tgz 0ms (cache hit)
347 http cache eventemitter3@https://registry.npmjs.org/eventemitter3/-/eventemitter3-5.0.4.tgz 0ms (cache hit)
348 http cache es-toolkit@https://registry.npmjs.org/es-toolkit/-/es-toolkit-1.50.0.tgz 0ms (cache hit)
349 http cache decimal.js-light@https://registry.npmjs.org/decimal.js-light/-/decimal.js-light-2.5.1.tgz 0ms (cache hit)
350 http cache clsx@https://registry.npmjs.org/clsx/-/clsx-2.1.1.tgz 0ms (cache hit)
351 http cache @reduxjs/toolkit@https://registry.npmjs.org/@reduxjs/toolkit/-/toolkit-2.12.0.tgz 0ms (cache hit)
352 http cache iceberg-js@https://registry.npmjs.org/iceberg-js/-/iceberg-js-0.8.1.tgz 0ms (cache hit)
353 http cache @supabase/phoenix@https://registry.npmjs.org/@supabase/phoenix/-/phoenix-0.4.5.tgz 0ms (cache hit)
354 http cache @supabase/realtime-js@https://registry.npmjs.org/@supabase/realtime-js/-/realtime-js-2.112.2.tgz 0ms (cache hit)
355 http cache @supabase/storage-js@https://registry.npmjs.org/@supabase/storage-js/-/storage-js-2.112.2.tgz 0ms (cache hit)
356 http cache @supabase/postgrest-js@https://registry.npmjs.org/@supabase/postgrest-js/-/postgrest-js-2.112.2.tgz 0ms (cache hit)
357 http cache @supabase/functions-js@https://registry.npmjs.org/@supabase/functions-js/-/functions-js-2.112.2.tgz 0ms (cache hit)
358 http cache @supabase/auth-js@https://registry.npmjs.org/@supabase/auth-js/-/auth-js-2.112.2.tgz 0ms (cache hit)
359 http cache swr@https://registry.npmjs.org/swr/-/swr-2.5.0.tgz 0ms (cache hit)
360 http cache recharts@https://registry.npmjs.org/recharts/-/recharts-3.10.1.tgz 0ms (cache hit)
361 http cache jose@https://registry.npmjs.org/jose/-/jose-6.2.8.tgz 0ms (cache hit)
362 http cache @supabase/supabase-js@https://registry.npmjs.org/@supabase/supabase-js/-/supabase-js-2.112.2.tgz 0ms (cache hit)
363 silly tarball no local data for d3-path@https://registry.npmjs.org/d3-path/-/d3-path-3.1.0.tgz. Extracting by manifest.
364 silly tarball no local data for d3-format@https://registry.npmjs.org/d3-format/-/d3-format-3.1.2.tgz. Extracting by manifest.
365 silly tarball no local data for d3-time-format@https://registry.npmjs.org/d3-time-format/-/d3-time-format-4.1.0.tgz. Extracting by manifest.
366 silly tarball no local data for d3-color@https://registry.npmjs.org/d3-color/-/d3-color-3.1.0.tgz. Extracting by manifest.
367 silly tarball no local data for internmap@https://registry.npmjs.org/internmap/-/internmap-2.0.3.tgz. Extracting by manifest.
368 silly tarball no local data for @types/d3-path@https://registry.npmjs.org/@types/d3-path/-/d3-path-3.1.1.tgz. Extracting by manifest.
369 silly tarball no local data for @types/d3-color@https://registry.npmjs.org/@types/d3-color/-/d3-color-3.1.3.tgz. Extracting by manifest.
370 silly tarball no local data for d3-timer@https://registry.npmjs.org/d3-timer/-/d3-timer-3.0.1.tgz. Extracting by manifest.
371 silly tarball no local data for d3-time@https://registry.npmjs.org/d3-time/-/d3-time-3.1.0.tgz. Extracting by manifest.
372 silly tarball no local data for d3-shape@https://registry.npmjs.org/d3-shape/-/d3-shape-3.2.0.tgz. Extracting by manifest.
373 silly tarball no local data for d3-scale@https://registry.npmjs.org/d3-scale/-/d3-scale-4.0.2.tgz. Extracting by manifest.
374 silly tarball no local data for d3-ease@https://registry.npmjs.org/d3-ease/-/d3-ease-3.0.1.tgz. Extracting by manifest.
375 silly tarball no local data for d3-interpolate@https://registry.npmjs.org/d3-interpolate/-/d3-interpolate-3.0.1.tgz. Extracting by manifest.
376 silly tarball no local data for d3-array@https://registry.npmjs.org/d3-array/-/d3-array-3.2.4.tgz. Extracting by manifest.
377 silly tarball no local data for @types/d3-timer@https://registry.npmjs.org/@types/d3-timer/-/d3-timer-3.0.2.tgz. Extracting by manifest.
378 silly tarball no local data for @types/d3-time@https://registry.npmjs.org/@types/d3-time/-/d3-time-3.0.4.tgz. Extracting by manifest.
379 silly tarball no local data for @types/d3-shape@https://registry.npmjs.org/@types/d3-shape/-/d3-shape-3.1.8.tgz. Extracting by manifest.
380 silly tarball no local data for @types/d3-scale@https://registry.npmjs.org/@types/d3-scale/-/d3-scale-4.0.9.tgz. Extracting by manifest.
381 silly tarball no local data for @types/d3-interpolate@https://registry.npmjs.org/@types/d3-interpolate/-/d3-interpolate-3.0.4.tgz. Extracting by manifest.
382 silly tarball no local data for @types/d3-ease@https://registry.npmjs.org/@types/d3-ease/-/d3-ease-3.0.2.tgz. Extracting by manifest.
383 silly tarball no local data for @types/d3-array@https://registry.npmjs.org/@types/d3-array/-/d3-array-3.2.2.tgz. Extracting by manifest.
384 silly tarball no local data for dequal@https://registry.npmjs.org/dequal/-/dequal-2.0.3.tgz. Extracting by manifest.
385 silly tarball no local data for @types/use-sync-external-store@https://registry.npmjs.org/@types/use-sync-external-store/-/use-sync-external-store-0.0.6.tgz. Extracting by manifest.
386 silly tarball no local data for redux-thunk@https://registry.npmjs.org/redux-thunk/-/redux-thunk-3.1.0.tgz. Extracting by manifest.
387 silly tarball no local data for redux@https://registry.npmjs.org/redux/-/redux-5.0.1.tgz. Extracting by manifest.
388 silly tarball no local data for @standard-schema/utils@https://registry.npmjs.org/@standard-schema/utils/-/utils-0.3.0.tgz. Extracting by manifest.
389 silly tarball no local data for victory-vendor@https://registry.npmjs.org/victory-vendor/-/victory-vendor-37.3.6.tgz. Extracting by manifest.
390 silly tarball no local data for @standard-schema/spec@https://registry.npmjs.org/@standard-schema/spec/-/spec-1.1.0.tgz. Extracting by manifest.
391 silly tarball no local data for use-sync-external-store@https://registry.npmjs.org/use-sync-external-store/-/use-sync-external-store-1.6.0.tgz. Extracting by manifest.
392 silly tarball no local data for tiny-invariant@https://registry.npmjs.org/tiny-invariant/-/tiny-invariant-1.3.3.tgz. Extracting by manifest.
393 silly tarball no local data for reselect@https://registry.npmjs.org/reselect/-/reselect-5.2.0.tgz. Extracting by manifest.
394 silly tarball no local data for react-redux@https://registry.npmjs.org/react-redux/-/react-redux-9.3.0.tgz. Extracting by manifest.
395 silly tarball no local data for immer@https://registry.npmjs.org/immer/-/immer-11.1.16.tgz. Extracting by manifest.
396 silly tarball no local data for eventemitter3@https://registry.npmjs.org/eventemitter3/-/eventemitter3-5.0.4.tgz. Extracting by manifest.
397 silly tarball no local data for es-toolkit@https://registry.npmjs.org/es-toolkit/-/es-toolkit-1.50.0.tgz. Extracting by manifest.
398 silly tarball no local data for decimal.js-light@https://registry.npmjs.org/decimal.js-light/-/decimal.js-light-2.5.1.tgz. Extracting by manifest.
399 silly tarball no local data for clsx@https://registry.npmjs.org/clsx/-/clsx-2.1.1.tgz. Extracting by manifest.
400 silly tarball no local data for @reduxjs/toolkit@https://registry.npmjs.org/@reduxjs/toolkit/-/toolkit-2.12.0.tgz. Extracting by manifest.
401 silly tarball no local data for iceberg-js@https://registry.npmjs.org/iceberg-js/-/iceberg-js-0.8.1.tgz. Extracting by manifest.
402 silly tarball no local data for @supabase/phoenix@https://registry.npmjs.org/@supabase/phoenix/-/phoenix-0.4.5.tgz. Extracting by manifest.
403 silly tarball no local data for @supabase/realtime-js@https://registry.npmjs.org/@supabase/realtime-js/-/realtime-js-2.112.2.tgz. Extracting by manifest.
404 silly tarball no local data for @supabase/storage-js@https://registry.npmjs.org/@supabase/storage-js/-/storage-js-2.112.2.tgz. Extracting by manifest.
405 silly tarball no local data for @supabase/postgrest-js@https://registry.npmjs.org/@supabase/postgrest-js/-/postgrest-js-2.112.2.tgz. Extracting by manifest.
406 silly tarball no local data for @supabase/functions-js@https://registry.npmjs.org/@supabase/functions-js/-/functions-js-2.112.2.tgz. Extracting by manifest.
407 silly tarball no local data for @supabase/auth-js@https://registry.npmjs.org/@supabase/auth-js/-/auth-js-2.112.2.tgz. Extracting by manifest.
408 silly tarball no local data for swr@https://registry.npmjs.org/swr/-/swr-2.5.0.tgz. Extracting by manifest.
409 silly tarball no local data for recharts@https://registry.npmjs.org/recharts/-/recharts-3.10.1.tgz. Extracting by manifest.
410 silly tarball no local data for jose@https://registry.npmjs.org/jose/-/jose-6.2.8.tgz. Extracting by manifest.
411 silly tarball no local data for @supabase/supabase-js@https://registry.npmjs.org/@supabase/supabase-js/-/supabase-js-2.112.2.tgz. Extracting by manifest.
412 http fetch GET 200 https://registry.npmjs.org/internmap/-/internmap-2.0.3.tgz 63ms (cache miss)
413 http fetch GET 200 https://registry.npmjs.org/d3-path/-/d3-path-3.1.0.tgz 65ms (cache miss)
414 http fetch GET 200 https://registry.npmjs.org/d3-format/-/d3-format-3.1.2.tgz 72ms (cache miss)
415 http fetch GET 200 https://registry.npmjs.org/@types/d3-time/-/d3-time-3.0.4.tgz 122ms (cache miss)
416 http fetch GET 200 https://registry.npmjs.org/@types/d3-path/-/d3-path-3.1.1.tgz 123ms (cache miss)
417 http fetch GET 200 https://registry.npmjs.org/@types/d3-shape/-/d3-shape-3.1.8.tgz 122ms (cache miss)
418 http fetch GET 200 https://registry.npmjs.org/d3-time-format/-/d3-time-format-4.1.0.tgz 128ms (cache miss)
419 http fetch GET 200 https://registry.npmjs.org/@types/d3-ease/-/d3-ease-3.0.2.tgz 174ms (cache miss)
420 http fetch GET 200 https://registry.npmjs.org/@types/d3-array/-/d3-array-3.2.2.tgz 178ms (cache miss)
421 http fetch GET 200 https://registry.npmjs.org/@types/d3-scale/-/d3-scale-4.0.9.tgz 179ms (cache miss)
422 http fetch POST 200 https://registry.npmjs.org/-/npm/v1/security/advisories/bulk 229ms
423 silly audit report {}
424 http fetch GET 200 https://registry.npmjs.org/d3-scale/-/d3-scale-4.0.2.tgz 214ms (cache miss)
425 http fetch GET 200 https://registry.npmjs.org/@types/d3-color/-/d3-color-3.1.3.tgz 216ms (cache miss)
426 http fetch GET 200 https://registry.npmjs.org/d3-timer/-/d3-timer-3.0.1.tgz 217ms (cache miss)
427 http fetch GET 200 https://registry.npmjs.org/dequal/-/dequal-2.0.3.tgz 218ms (cache miss)
428 http fetch GET 200 https://registry.npmjs.org/@types/d3-interpolate/-/d3-interpolate-3.0.4.tgz 220ms (cache miss)
429 http fetch GET 200 https://registry.npmjs.org/d3-ease/-/d3-ease-3.0.1.tgz 222ms (cache miss)
430 http fetch GET 200 https://registry.npmjs.org/d3-time/-/d3-time-3.1.0.tgz 224ms (cache miss)
431 http fetch GET 200 https://registry.npmjs.org/d3-interpolate/-/d3-interpolate-3.0.1.tgz 224ms (cache miss)
432 http fetch GET 200 https://registry.npmjs.org/redux-thunk/-/redux-thunk-3.1.0.tgz 229ms (cache miss)
433 http fetch GET 200 https://registry.npmjs.org/d3-array/-/d3-array-3.2.4.tgz 232ms (cache miss)
434 http fetch GET 200 https://registry.npmjs.org/@types/use-sync-external-store/-/use-sync-external-store-0.0.6.tgz 231ms (cache miss)
435 http fetch GET 200 https://registry.npmjs.org/d3-shape/-/d3-shape-3.2.0.tgz 235ms (cache miss)
436 http fetch GET 200 https://registry.npmjs.org/use-sync-external-store/-/use-sync-external-store-1.6.0.tgz 262ms (cache miss)
437 http fetch GET 200 https://registry.npmjs.org/@standard-schema/utils/-/utils-0.3.0.tgz 269ms (cache miss)
438 http fetch GET 200 https://registry.npmjs.org/tiny-invariant/-/tiny-invariant-1.3.3.tgz 272ms (cache miss)
439 http fetch GET 200 https://registry.npmjs.org/eventemitter3/-/eventemitter3-5.0.4.tgz 276ms (cache miss)
440 http fetch GET 200 https://registry.npmjs.org/redux/-/redux-5.0.1.tgz 277ms (cache miss)
441 http fetch GET 200 https://registry.npmjs.org/@standard-schema/spec/-/spec-1.1.0.tgz 281ms (cache miss)
442 http fetch GET 200 https://registry.npmjs.org/immer/-/immer-11.1.16.tgz 307ms (cache miss)
443 http fetch GET 200 https://registry.npmjs.org/@types/d3-timer/-/d3-timer-3.0.2.tgz 323ms (cache miss)
444 http fetch GET 200 https://registry.npmjs.org/clsx/-/clsx-2.1.1.tgz 319ms (cache miss)
445 http fetch GET 200 https://registry.npmjs.org/d3-color/-/d3-color-3.1.0.tgz 325ms (cache miss)
446 http fetch GET 200 https://registry.npmjs.org/decimal.js-light/-/decimal.js-light-2.5.1.tgz 322ms (cache miss)
447 http fetch GET 200 https://registry.npmjs.org/victory-vendor/-/victory-vendor-37.3.6.tgz 333ms (cache miss)
448 http fetch GET 200 https://registry.npmjs.org/iceberg-js/-/iceberg-js-0.8.1.tgz 374ms (cache miss)
449 http fetch GET 200 https://registry.npmjs.org/@supabase/functions-js/-/functions-js-2.112.2.tgz 403ms (cache miss)
450 http fetch GET 200 https://registry.npmjs.org/@supabase/storage-js/-/storage-js-2.112.2.tgz 524ms (cache miss)
451 http fetch GET 200 https://registry.npmjs.org/swr/-/swr-2.5.0.tgz 523ms (cache miss)
452 http fetch GET 200 https://registry.npmjs.org/@supabase/realtime-js/-/realtime-js-2.112.2.tgz 543ms (cache miss)
453 http fetch GET 200 https://registry.npmjs.org/@supabase/postgrest-js/-/postgrest-js-2.112.2.tgz 544ms (cache miss)
454 http fetch GET 200 https://registry.npmjs.org/@supabase/supabase-js/-/supabase-js-2.112.2.tgz 552ms (cache miss)
455 http fetch GET 200 https://registry.npmjs.org/jose/-/jose-6.2.8.tgz 552ms (cache miss)
456 http fetch GET 200 https://registry.npmjs.org/reselect/-/reselect-5.2.0.tgz 984ms (cache miss)
457 http fetch GET 200 https://registry.npmjs.org/recharts/-/recharts-3.10.1.tgz 1213ms (cache miss)
458 http fetch GET 200 https://registry.npmjs.org/@supabase/phoenix/-/phoenix-0.4.5.tgz 1301ms (cache miss)
459 http fetch GET 200 https://registry.npmjs.org/react-redux/-/react-redux-9.3.0.tgz 1564ms (cache miss)
460 http fetch GET 200 https://registry.npmjs.org/@supabase/auth-js/-/auth-js-2.112.2.tgz 2068ms (cache miss)
461 http fetch GET 200 https://registry.npmjs.org/es-toolkit/-/es-toolkit-1.50.0.tgz 2575ms (cache miss)
462 http fetch GET 200 https://registry.npmjs.org/@reduxjs/toolkit/-/toolkit-2.12.0.tgz 3168ms (cache miss)
463 silly ADD node_modules/d3-path
464 silly ADD node_modules/d3-time-format
465 silly ADD node_modules/d3-format
466 silly ADD node_modules/d3-color
467 silly ADD node_modules/internmap
468 silly ADD node_modules/@types/d3-path
469 silly ADD node_modules/@types/d3-color
470 silly ADD node_modules/d3-timer
471 silly ADD node_modules/d3-time
472 silly ADD node_modules/d3-shape
473 silly ADD node_modules/d3-scale
474 silly ADD node_modules/d3-interpolate
475 silly ADD node_modules/d3-ease
476 silly ADD node_modules/d3-array
477 silly ADD node_modules/@types/d3-timer
478 silly ADD node_modules/@types/d3-time
479 silly ADD node_modules/@types/d3-shape
480 silly ADD node_modules/@types/d3-scale
481 silly ADD node_modules/@types/d3-interpolate
482 silly ADD node_modules/@types/d3-ease
483 silly ADD node_modules/@types/d3-array
484 silly ADD node_modules/dequal
485 silly ADD node_modules/@types/use-sync-external-store
486 silly ADD node_modules/redux-thunk
487 silly ADD node_modules/redux
488 silly ADD node_modules/@standard-schema/utils
489 silly ADD node_modules/@standard-schema/spec
490 silly ADD node_modules/victory-vendor
491 silly ADD node_modules/use-sync-external-store
492 silly ADD node_modules/tiny-invariant
493 silly ADD node_modules/reselect
494 silly ADD node_modules/react-redux
495 silly ADD node_modules/immer
496 silly ADD node_modules/eventemitter3
497 silly ADD node_modules/es-toolkit
498 silly ADD node_modules/decimal.js-light
499 silly ADD node_modules/clsx
500 silly ADD node_modules/@reduxjs/toolkit
501 silly ADD node_modules/iceberg-js
502 silly ADD node_modules/@supabase/phoenix
503 silly ADD node_modules/@supabase/storage-js
504 silly ADD node_modules/@supabase/realtime-js
505 silly ADD node_modules/@supabase/postgrest-js
506 silly ADD node_modules/@supabase/functions-js
507 silly ADD node_modules/@supabase/auth-js
508 silly ADD node_modules/swr
509 silly ADD node_modules/recharts
510 silly ADD node_modules/jose
511 silly ADD node_modules/@supabase/supabase-js
512 warn allow-scripts 1 package has install scripts not yet covered by allowScripts:
512 warn allow-scripts   unrs-resolver@1.12.2 (install: (install scripts present))
512 warn allow-scripts
512 warn allow-scripts Run `npm approve-scripts --allow-scripts-pending` to review, or `npm approve-scripts <pkg>` to allow.
513 verbose cwd /Users/Telolco/TeMusic
514 verbose os Darwin 25.5.0
515 verbose node v24.18.1
516 verbose npm  v11.16.0
517 notice
517 notice New major version of npm available! 11.16.0 -> 12.0.2
517 notice Changelog: https://github.com/npm/cli/releases/tag/v12.0.2
517 notice To update run: npm install -g npm@12.0.2
517 notice  { force: true, Symbol(proc-log.meta): true }
518 verbose exit 0
519 info ok
